2026-05-19 13:46:57,215 - INFO     - ============================================================
2026-05-19 13:46:57,215 - INFO     - 🚀 Démarrage du pipeline Books to Scrape
2026-05-19 13:46:57,216 - INFO     - ============================================================
2026-05-19 13:46:57,216 - INFO     - 📄 Scraping page 1 : https://books.toscrape.com/catalogue/page-1.html
2026-05-19 13:47:26,681 - INFO     - 📄 Scraping page 2 : https://books.toscrape.com/catalogue/page-2.html
2026-05-19 13:47:46,634 - INFO     - 📄 Scraping page 3 : https://books.toscrape.com/catalogue/page-3.html
2026-05-19 13:48:10,517 - INFO     - 📄 Scraping page 4 : https://books.toscrape.com/catalogue/page-4.html
2026-05-19 13:48:33,531 - INFO     - 📄 Scraping page 5 : https://books.toscrape.com/catalogue/page-5.html
2026-05-19 13:48:52,711 - INFO     - 📄 Scraping page 6 : https://books.toscrape.com/catalogue/page-6.html
2026-05-19 13:49:10,935 - INFO     - 📄 Scraping page 7 : https://books.toscrape.com/catalogue/page-7.html
2026-05-19 13:49:33,674 - INFO     - 📄 Scraping page 8 : https://books.toscrape.com/catalogue/page-8.html
2026-05-19 13:49:53,892 - INFO     - 📄 Scraping page 9 : https://books.toscrape.com/catalogue/page-9.html
2026-05-19 13:50:11,908 - INFO     - 📄 Scraping page 10 : https://books.toscrape.com/catalogue/page-10.html
2026-05-19 13:50:29,491 - INFO     - 📄 Scraping page 11 : https://books.toscrape.com/catalogue/page-11.html
2026-05-19 13:50:46,483 - INFO     - 📄 Scraping page 12 : https://books.toscrape.com/catalogue/page-12.html
2026-05-19 13:51:03,075 - INFO     - 📄 Scraping page 13 : https://books.toscrape.com/catalogue/page-13.html
2026-05-19 13:51:20,873 - INFO     - 📄 Scraping page 14 : https://books.toscrape.com/catalogue/page-14.html
2026-05-19 13:51:36,963 - INFO     - 📄 Scraping page 15 : https://books.toscrape.com/catalogue/page-15.html
2026-05-19 13:51:55,724 - INFO     - 📄 Scraping page 16 : https://books.toscrape.com/catalogue/page-16.html
2026-05-19 13:52:12,191 - INFO     - 📄 Scraping page 17 : https://books.toscrape.com/catalogue/page-17.html
2026-05-19 13:52:33,039 - INFO     - 📄 Scraping page 18 : https://books.toscrape.com/catalogue/page-18.html
2026-05-19 13:52:52,901 - INFO     - 📄 Scraping page 19 : https://books.toscrape.com/catalogue/page-19.html
2026-05-19 13:53:12,547 - INFO     - 📄 Scraping page 20 : https://books.toscrape.com/catalogue/page-20.html
2026-05-19 13:53:30,704 - INFO     - 📄 Scraping page 21 : https://books.toscrape.com/catalogue/page-21.html
2026-05-19 13:53:48,774 - INFO     - 📄 Scraping page 22 : https://books.toscrape.com/catalogue/page-22.html
2026-05-19 13:54:19,072 - INFO     - 📄 Scraping page 23 : https://books.toscrape.com/catalogue/page-23.html
2026-05-19 13:54:40,046 - INFO     - 📄 Scraping page 24 : https://books.toscrape.com/catalogue/page-24.html
2026-05-19 13:55:02,442 - INFO     - 📄 Scraping page 25 : https://books.toscrape.com/catalogue/page-25.html
2026-05-19 13:55:21,175 - INFO     - 📄 Scraping page 26 : https://books.toscrape.com/catalogue/page-26.html
2026-05-19 13:55:48,805 - INFO     - 📄 Scraping page 27 : https://books.toscrape.com/catalogue/page-27.html
2026-05-19 13:56:17,434 - INFO     - 📄 Scraping page 28 : https://books.toscrape.com/catalogue/page-28.html
2026-05-19 13:56:38,904 - INFO     - 📄 Scraping page 29 : https://books.toscrape.com/catalogue/page-29.html
2026-05-19 13:56:58,094 - INFO     - 📄 Scraping page 30 : https://books.toscrape.com/catalogue/page-30.html
2026-05-19 13:57:17,711 - INFO     - 📄 Scraping page 31 : https://books.toscrape.com/catalogue/page-31.html
2026-05-19 13:57:38,720 - INFO     - 📄 Scraping page 32 : https://books.toscrape.com/catalogue/page-32.html
2026-05-19 13:57:58,505 - INFO     - 📄 Scraping page 33 : https://books.toscrape.com/catalogue/page-33.html
2026-05-19 13:58:16,722 - INFO     - 📄 Scraping page 34 : https://books.toscrape.com/catalogue/page-34.html
2026-05-19 13:58:34,993 - INFO     - 📄 Scraping page 35 : https://books.toscrape.com/catalogue/page-35.html
2026-05-19 13:58:57,984 - INFO     - 📄 Scraping page 36 : https://books.toscrape.com/catalogue/page-36.html
2026-05-19 13:59:17,270 - INFO     - 📄 Scraping page 37 : https://books.toscrape.com/catalogue/page-37.html
2026-05-19 13:59:40,375 - INFO     - 📄 Scraping page 38 : https://books.toscrape.com/catalogue/page-38.html
2026-05-19 13:59:59,820 - INFO     - 📄 Scraping page 39 : https://books.toscrape.com/catalogue/page-39.html
2026-05-19 14:00:20,687 - INFO     - 📄 Scraping page 40 : https://books.toscrape.com/catalogue/page-40.html
2026-05-19 14:00:43,638 - INFO     - 📄 Scraping page 41 : https://books.toscrape.com/catalogue/page-41.html
2026-05-19 14:01:17,006 - INFO     - 📄 Scraping page 42 : https://books.toscrape.com/catalogue/page-42.html
2026-05-19 14:01:45,700 - INFO     - 📄 Scraping page 43 : https://books.toscrape.com/catalogue/page-43.html
2026-05-19 14:02:21,096 - INFO     - 📄 Scraping page 44 : https://books.toscrape.com/catalogue/page-44.html
2026-05-19 14:02:51,610 - INFO     - 📄 Scraping page 45 : https://books.toscrape.com/catalogue/page-45.html
2026-05-19 14:03:18,972 - INFO     - 📄 Scraping page 46 : https://books.toscrape.com/catalogue/page-46.html
2026-05-19 14:03:54,483 - INFO     - 📄 Scraping page 47 : https://books.toscrape.com/catalogue/page-47.html
2026-05-19 14:04:23,524 - INFO     - 📄 Scraping page 48 : https://books.toscrape.com/catalogue/page-48.html
2026-05-19 14:04:52,635 - INFO     - 📄 Scraping page 49 : https://books.toscrape.com/catalogue/page-49.html
2026-05-19 14:05:32,431 - INFO     - 📄 Scraping page 50 : https://books.toscrape.com/catalogue/page-50.html
2026-05-19 14:06:12,351 - INFO     - ============================================================
2026-05-19 14:06:12,352 - INFO     - 📊 RAPPORT FINAL
2026-05-19 14:06:12,352 - INFO     - ⏱️  Durée totale        : 1155.03 secondes
2026-05-19 14:06:12,353 - INFO     - ✅  Livres collectés    : 1000
2026-05-19 14:06:12,354 - INFO     - ⚠️   Livres ignorés      : 0
2026-05-19 14:06:12,355 - INFO     - 💾  Fichier sauvegardé  : books.csv
2026-05-19 14:06:12,355 - INFO     - 📏  Taille du fichier   : 58.4 KB
2026-05-19 14:06:12,356 - INFO     - ============================================================
